[2026-02-15T16:58:44.986Z] Inicio scraping
[2026-02-15T16:58:44.988Z] Login URL: https://clupik.pro/es/login
[2026-02-15T16:58:44.988Z] Results URL: https://escombros.clupik.app/es/admin/leverade/OTU4MjQ3NQ%3D%3D/results
[2026-02-15T16:58:45.707Z] Navegado a resultados: https://escombros.clupik.app/es/admin/leverade/OTU4MjQ3NQ%3D%3D/results
[2026-02-15T16:58:45.708Z] Login check en https://escombros.clupik.app/es/admin/leverade/OTU4MjQ3NQ%3D%3D/results
[2026-02-15T16:58:46.784Z] Campos login detectados: email=false password=true
[2026-02-15T16:58:49.319Z] Navegado a login: https://clupik.pro/es/login
[2026-02-15T16:58:49.320Z] Login check en https://clupik.pro/es/login
[2026-02-15T16:58:49.436Z] Campos login detectados: email=true password=true
[2026-02-15T16:58:49.450Z] Campos rellenados: email=true password=true
[2026-02-15T16:58:49.453Z] Click submit: false
[2026-02-15T16:58:49.517Z] Tras login, URL actual: https://clupik.pro/es/login
[2026-02-15T16:58:50.083Z] Tras login en loginUrl, navegamos a resultados: https://escombros.clupik.app/es/admin/leverade/OTU4MjQ3NQ%3D%3D/results
[2026-02-15T16:59:02.780Z] No se encontraron enlaces con clase btn btn-default. Se guardaron results.html y results.png
[2026-02-15T16:59:02.780Z] Cerrando navegador y contexto
[2026-02-15T17:10:40.194Z] Inicio scraping
[2026-02-15T17:10:40.196Z] Login URL: https://clupik.pro/es/login
[2026-02-15T17:10:40.196Z] Results URL: https://escombros.clupik.app/es/admin/leverade/OTU4MjQ3NQ%3D%3D/results
[2026-02-15T17:10:40.197Z] Headless: true
[2026-02-15T17:10:40.197Z] Storage state: cargado
[2026-02-15T17:10:43.759Z] Navegado a resultados: https://escombros.clupik.app/es/admin/leverade/OTU4MjQ3NQ%3D%3D/results
[2026-02-15T17:10:43.760Z] Login check en https://escombros.clupik.app/es/admin/leverade/OTU4MjQ3NQ%3D%3D/results
[2026-02-15T17:10:45.403Z] Campos login detectados: email=false password=false
[2026-02-15T17:10:46.280Z] Navegado a login: https://clupik.pro/es/admin/home
[2026-02-15T17:10:46.281Z] Login check en https://clupik.pro/es/admin/home
[2026-02-15T17:10:46.371Z] Campos login detectados: email=false password=false
[2026-02-15T17:10:48.349Z] Selector válido: a.btn.btn-default → 3 elementos
[2026-02-15T17:10:48.351Z] Encontrados 3 enlaces potenciales
[2026-02-15T17:10:48.357Z] Links recopilados: 3
[2026-02-15T17:10:48.357Z] Descargando https://clupik.pro/es/admin/club/9582475
[2026-02-15T17:10:51.959Z] Guardado data\actas\9582475
[2026-02-15T17:10:51.960Z] Descargando https://clupik.pro/es/manager/mcastro
[2026-02-15T17:10:52.535Z] Guardado data\actas\mcastro
[2026-02-15T17:10:52.535Z] Descargando https://clupik.pro/es/registration?manager=396571&target=profile&owned=true
[2026-02-15T17:10:52.812Z] Guardado data\actas\registration
[2026-02-15T17:10:52.812Z] Cerrando navegador y contexto
[2026-02-15T17:17:51.810Z] Inicio scraping
[2026-02-15T17:17:51.812Z] Login URL: https://clupik.pro/es/login
[2026-02-15T17:17:51.813Z] Results URL: https://escombros.clupik.app/es/admin/leverade/OTU4MjQ3NQ%3D%3D/results
[2026-02-15T17:17:51.813Z] Headless: false
[2026-02-15T17:17:51.813Z] Storage state: cargado
[2026-02-15T17:17:52.524Z] Navegado a resultados: https://escombros.clupik.app/es/admin/leverade/OTU4MjQ3NQ%3D%3D/results
[2026-02-15T17:18:21.872Z] No se encontraron enlaces. Se guardaron results.html y results.png
[2026-02-15T17:18:21.873Z] Cerrando navegador y contexto
[2026-02-15T17:18:34.584Z] Inicio scraping
[2026-02-15T17:18:34.585Z] Login URL: https://clupik.pro/es/login
[2026-02-15T17:18:34.586Z] Results URL: https://escombros.clupik.app/es/admin/leverade/OTU4MjQ3NQ%3D%3D/results
[2026-02-15T17:18:34.586Z] Headless: false
[2026-02-15T17:18:34.586Z] Storage state: cargado
[2026-02-15T17:18:36.181Z] Navegado a resultados: https://escombros.clupik.app/es/admin/leverade/OTU4MjQ3NQ%3D%3D/results
[2026-02-15T17:18:37.956Z] Cerrando navegador y contexto
[2026-02-15T17:18:40.852Z] Inicio scraping
[2026-02-15T17:18:40.853Z] Login URL: https://clupik.pro/es/login
[2026-02-15T17:18:40.854Z] Results URL: https://escombros.clupik.app/es/admin/leverade/OTU4MjQ3NQ%3D%3D/results
[2026-02-15T17:18:40.855Z] Headless: false
[2026-02-15T17:18:40.855Z] Storage state: cargado
[2026-02-15T17:18:41.469Z] Navegado a resultados: https://escombros.clupik.app/es/admin/leverade/OTU4MjQ3NQ%3D%3D/results
[2026-02-15T17:18:41.813Z] Cerrando navegador y contexto
[2026-02-15T17:21:47.895Z] Inicio scraping
[2026-02-15T17:21:47.896Z] Login URL: https://clupik.pro/es/login
[2026-02-15T17:21:47.897Z] Results URL: https://escombros.clupik.app/es/admin/leverade/OTU4MjQ3NQ%3D%3D/results
[2026-02-15T17:21:47.897Z] Headless: false
[2026-02-15T17:21:47.898Z] Storage state: cargado
[2026-02-15T17:21:48.726Z] Navegado a resultados: https://escombros.clupik.app/es/admin/leverade/OTU4MjQ3NQ%3D%3D/results
[2026-02-15T17:21:53.327Z] Cerrando navegador y contexto
[2026-02-15T17:21:56.576Z] Inicio scraping
[2026-02-15T17:21:56.578Z] Login URL: https://clupik.pro/es/login
[2026-02-15T17:21:56.578Z] Results URL: https://escombros.clupik.app/es/admin/leverade/OTU4MjQ3NQ%3D%3D/results
[2026-02-15T17:21:56.578Z] Headless: false
[2026-02-15T17:21:56.579Z] Storage state: cargado
[2026-02-15T17:21:57.151Z] Navegado a resultados: https://escombros.clupik.app/es/admin/leverade/OTU4MjQ3NQ%3D%3D/results
[2026-02-15T17:22:06.185Z] Cerrando navegador y contexto
[2026-02-15T17:22:09.051Z] Inicio scraping
[2026-02-15T17:22:09.053Z] Login URL: https://clupik.pro/es/login
[2026-02-15T17:22:09.054Z] Results URL: https://escombros.clupik.app/es/admin/leverade/OTU4MjQ3NQ%3D%3D/results
[2026-02-15T17:22:09.055Z] Headless: false
[2026-02-15T17:22:09.055Z] Storage state: cargado
[2026-02-15T17:22:09.726Z] Navegado a resultados: https://escombros.clupik.app/es/admin/leverade/OTU4MjQ3NQ%3D%3D/results
[2026-02-15T17:23:52.800Z] Cerrando navegador y contexto
[2026-02-15T17:23:57.313Z] Inicio scraping
[2026-02-15T17:23:57.315Z] Login URL: https://clupik.pro/es/login
[2026-02-15T17:23:57.316Z] Results URL: https://escombros.clupik.app/es/admin/leverade/OTU4MjQ3NQ%3D%3D/results
[2026-02-15T17:23:57.316Z] Headless: false
[2026-02-15T17:23:57.317Z] Modo interactivo: inicia sesión manualmente en la ventana abierta (60s)
[2026-02-15T17:25:00.495Z] Navegado a resultados: https://escombros.clupik.app/es/admin/leverade/OTU4MjQ3NQ%3D%3D/results
[2026-02-15T17:25:31.050Z] No se encontraron enlaces. Se guardaron results.html y results.png
[2026-02-15T17:25:31.050Z] Cerrando navegador y contexto
[2026-02-15T17:27:17.042Z] Inicio scraping
[2026-02-15T17:27:17.046Z] Login URL: https://clupik.pro/es/login
[2026-02-15T17:27:17.046Z] Results URL: https://escombros.clupik.app/es/admin/leverade/OTU4MjQ3NQ%3D%3D/results
[2026-02-15T17:27:17.047Z] Headless: false
[2026-02-15T17:27:17.047Z] Modo interactivo: inicia sesión manualmente en la ventana abierta (60s)
[2026-02-15T17:28:20.680Z] Navegado a resultados: https://escombros.clupik.app/es/admin/leverade/OTU4MjQ3NQ%3D%3D/results
[2026-02-15T17:28:49.771Z] Buscando enlaces en 14 iframes
[2026-02-15T17:28:49.772Z] Revisando iframe: https://escombros.clupik.app/es/admin/leverade/OTU4MjQ3NQ%3D%3D/results
[2026-02-15T17:29:14.817Z] Revisando iframe: https://platform.twitter.com/widgets/widget_iframe.2f70fb173b9000da126c79afe2098f02.html?origin=https%3A%2F%2Fescombros.clupik.app
[2026-02-15T17:29:39.854Z] Revisando iframe: about:blank
[2026-02-15T17:30:04.885Z] Revisando iframe: about:blank
[2026-02-15T17:30:29.331Z] Revisando iframe: https://www.googletagmanager.com/ns.html?id=GTM-K743F7Q
[2026-02-15T17:30:29.333Z] Revisando iframe: about:blank
[2026-02-15T17:30:29.334Z] Revisando iframe: https://www.googletagmanager.com/static/service_worker/6240/sw_iframe.html?origin=https%3A%2F%2Fescombros.clupik.app
[2026-02-15T17:30:29.335Z] Revisando iframe: https://clupik.pro/es/admin/club/9582475/last-results?third-party-session-id=j1ubwACqYdZOkXRu0MNQlVDIrK0gUF4gydtmjlJH
[2026-02-15T17:30:29.336Z] Revisando iframe: about:blank
[2026-02-15T17:30:29.337Z] Revisando iframe: https://js.stripe.com/v3/m-outer-3437aaddcdf6922d623e172c2d6f9278.html#url=https%3A%2F%2Fescombros.clupik.app%2Fes%2Fadmin%2Fleverade%2FOTU4MjQ3NQ%253D%253D%2Fresults&title=Inicio%20%7C%20ESCOM-BROS&referrer=&muid=1ab5a0c1-6b0f-4344-9350-f4bd25bc4a36474e13&sid=24b0c87c-1b4d-4c6f-8ee6-2d8b17dc3507026a65&version=6&preview=false&__shared_params__[version]=v3
[2026-02-15T17:30:29.338Z] Revisando iframe: https://m.stripe.network/inner.html#url=https%3A%2F%2Fescombros.clupik.app%2Fes%2Fadmin%2Fleverade%2FOTU4MjQ3NQ%253D%253D%2Fresults&title=Inicio%20%7C%20ESCOM-BROS&referrer=&muid=1ab5a0c1-6b0f-4344-9350-f4bd25bc4a36474e13&sid=24b0c87c-1b4d-4c6f-8ee6-2d8b17dc3507026a65&version=6&preview=false&__shared_params__[version]=v3
[2026-02-15T17:30:29.340Z] Revisando iframe: https://js.stripe.com/v2/channel.html?stripe_xdm_e=https%3A%2F%2Fclupik.pro&stripe_xdm_c=default679892&stripe_xdm_p=1#__stripe_transport__
[2026-02-15T17:30:29.341Z] Revisando iframe: https://js.stripe.com/v3/m-outer-3437aaddcdf6922d623e172c2d6f9278.html#url=https%3A%2F%2Fclupik.pro%2Fes%2Fadmin%2Fclub%2F9582475%2Flast-results%3Fthird-party-session-id%3Dj1ubwACqYdZOkXRu0MNQlVDIrK0gUF4gydtmjlJH&title=ESCOM-BROS%20%7C%20Federaci%C3%B3n%20Aragonesa%20de%20Baloncesto%20%7C%20Clupik&referrer=https%3A%2F%2Fescombros.clupik.app%2F&muid=NA&sid=NA&version=6&preview=false&__shared_params__[version]=v3
[2026-02-15T17:30:29.343Z] Revisando iframe: https://m.stripe.network/inner.html#url=https%3A%2F%2Fclupik.pro%2Fes%2Fadmin%2Fclub%2F9582475%2Flast-results%3Fthird-party-session-id%3Dj1ubwACqYdZOkXRu0MNQlVDIrK0gUF4gydtmjlJH&title=ESCOM-BROS%20%7C%20Federaci%C3%B3n%20Aragonesa%20de%20Baloncesto%20%7C%20Clupik&referrer=https%3A%2F%2Fescombros.clupik.app%2F&muid=NA&sid=NA&version=6&preview=false&__shared_params__[version]=v3
[2026-02-15T17:30:29.345Z] Cerrando navegador y contexto
[2026-02-15T17:39:22.160Z] Inicio scraping
[2026-02-15T17:39:22.162Z] Login URL (IGNORADA): https://clupik.pro/es/login
[2026-02-15T17:39:22.162Z] Results URL (USADA): https://escombros.clupik.app/es/admin/leverade/OTU4MjQ3NQ%3D%3D/results
[2026-02-15T17:39:22.163Z] Headless: false
[2026-02-15T17:39:22.908Z] Navegado a resultados: https://escombros.clupik.app/es/admin/leverade/OTU4MjQ3NQ%3D%3D/results
[2026-02-15T17:39:25.227Z] Cerrando navegador y contexto
[2026-02-15T17:41:19.203Z] Inicio scraping SIMPLE (sin login)
[2026-02-15T17:41:19.205Z] Results URL: https://escombros.clupik.app/es/admin/leverade/OTU4MjQ3NQ%3D%3D/results
[2026-02-15T17:41:19.205Z] Headless: false
[2026-02-15T17:41:44.364Z] Navegado a resultados: https://escombros.clupik.app/es/authorization/login/login?redirect=es%2Fadmin%2Fleverade%2FOTU4MjQ3NQ%253D%253D%2Fresults
[2026-02-15T17:41:55.430Z] Botones/enlaces de acta encontrados: 0
[2026-02-15T17:41:55.437Z] No se encontraron botones de acta; guardado results.html y results.png
[2026-02-15T17:41:55.437Z] Cerrando navegador y contexto
[2026-02-15T17:42:06.502Z] Inicio scraping SIMPLE (sin login)
[2026-02-15T17:42:06.504Z] Results URL: https://escombros.clupik.app/es/admin/leverade/OTU4MjQ3NQ%3D%3D/results
[2026-02-15T17:42:06.505Z] Headless: false
[2026-02-15T17:42:09.097Z] Cerrando navegador y contexto
[2026-02-15T17:42:18.456Z] Inicio scraping SIMPLE (sin login)
[2026-02-15T17:42:18.458Z] Results URL: https://escombros.clupik.app/es/admin/leverade/OTU4MjQ3NQ%3D%3D/results
[2026-02-15T17:42:18.458Z] Headless: false
[2026-02-15T17:42:21.449Z] Cerrando navegador y contexto
[2026-02-15T17:42:37.790Z] Inicio scraping SIMPLE (sin login)
[2026-02-15T17:42:37.792Z] Results URL: https://clupik.pro/es/admin/club/9582475/last-results?third-party-session-id=IUpfqkWb1URLcJkUFeQFxzfUrnHSV50imeH7ONMw
[2026-02-15T17:42:37.792Z] Headless: false
[2026-02-15T17:42:42.167Z] Navegado a resultados: https://clupik.pro/es/admin/club/9582475/last-results?third-party-session-id=IUpfqkWb1URLcJkUFeQFxzfUrnHSV50imeH7ONMw
[2026-02-15T17:42:43.276Z] Botones/enlaces de acta encontrados: 13
[2026-02-15T17:42:43.304Z] Links de acta recopilados: 13
[2026-02-15T17:42:43.305Z] Descargando https://storage.googleapis.com/match-scorecard-pdf/fabasket/28e837770918847531644d6e4f37d1cbfdc06dc6.pdf
[2026-02-15T17:42:43.895Z] Guardado data\actas\28e837770918847531644d6e4f37d1cbfdc06dc6.pdf
[2026-02-15T17:42:43.896Z] Descargando https://storage.googleapis.com/match-scorecard-pdf/fabasket/3bdfd8296dc069770f795ecb0e350cfed9bafed6.pdf
[2026-02-15T17:42:44.171Z] Guardado data\actas\3bdfd8296dc069770f795ecb0e350cfed9bafed6.pdf
[2026-02-15T17:42:44.172Z] Descargando https://storage.googleapis.com/match-scorecard-pdf/fabasket/7b584229728f0b924da3ff6d2d6e4b56772a7787.pdf
[2026-02-15T17:42:44.429Z] Guardado data\actas\7b584229728f0b924da3ff6d2d6e4b56772a7787.pdf
[2026-02-15T17:42:44.430Z] Descargando https://storage.googleapis.com/match-scorecard-pdf/fabasket/0c7313f110b53c405e7f31744d26b046de2bc230.pdf
[2026-02-15T17:42:44.714Z] Guardado data\actas\0c7313f110b53c405e7f31744d26b046de2bc230.pdf
[2026-02-15T17:42:44.715Z] Descargando https://storage.googleapis.com/match-scorecard-pdf/fabasket/7d303aacf74a6629a64a11fe85b5fc95a3942fea.pdf
[2026-02-15T17:42:44.929Z] Guardado data\actas\7d303aacf74a6629a64a11fe85b5fc95a3942fea.pdf
[2026-02-15T17:42:44.930Z] Descargando https://storage.googleapis.com/match-scorecard-pdf/fabasket/7d4d00e2c79ed0aa80088791131288ef1b1b6314.pdf
[2026-02-15T17:42:45.156Z] Guardado data\actas\7d4d00e2c79ed0aa80088791131288ef1b1b6314.pdf
[2026-02-15T17:42:45.157Z] Descargando https://storage.googleapis.com/match-scorecard-pdf/fabasket/a5643e0ad01cfd39fe1c76724f99a01a0e1e6698.pdf
[2026-02-15T17:42:45.405Z] Guardado data\actas\a5643e0ad01cfd39fe1c76724f99a01a0e1e6698.pdf
[2026-02-15T17:42:45.405Z] Descargando https://storage.googleapis.com/match-scorecard-pdf/fabasket/3cc739ea27d53a5431549c6af8b4c3b03c7ecf3c.pdf
[2026-02-15T17:42:45.688Z] Guardado data\actas\3cc739ea27d53a5431549c6af8b4c3b03c7ecf3c.pdf
[2026-02-15T17:42:45.689Z] Descargando https://storage.googleapis.com/match-scorecard-pdf/fabasket/4a5b2a63d487c50d683d6851536e6c1f6341151c.pdf
[2026-02-15T17:42:45.946Z] Guardado data\actas\4a5b2a63d487c50d683d6851536e6c1f6341151c.pdf
[2026-02-15T17:42:45.947Z] Descargando https://storage.googleapis.com/match-scorecard-pdf/fabasket/350b85199bef9db0e4c94c01bd372fb20372d14c.pdf
[2026-02-15T17:42:46.282Z] Guardado data\actas\350b85199bef9db0e4c94c01bd372fb20372d14c.pdf
[2026-02-15T17:42:46.282Z] Descargando https://storage.googleapis.com/match-scorecard-pdf/fabasket/ce749a52d632b985995a10c5365cdc81e73fd7ff.pdf
[2026-02-15T17:42:46.527Z] Guardado data\actas\ce749a52d632b985995a10c5365cdc81e73fd7ff.pdf
[2026-02-15T17:42:46.527Z] Descargando https://storage.googleapis.com/match-scorecard-pdf/fabasket/6092c1da1c818d380e2de2b62409f60406ae6fe9.pdf
[2026-02-15T17:42:46.746Z] Guardado data\actas\6092c1da1c818d380e2de2b62409f60406ae6fe9.pdf
[2026-02-15T17:42:46.746Z] Descargando https://clupik.pro/es/admin/tournament/1321516/match/143354422/print?third-party-session-id=IUpfqkWb1URLcJkUFeQFxzfUrnHSV50imeH7ONMw
[2026-02-15T17:42:47.714Z] Guardado data\actas\print
[2026-02-15T17:42:47.715Z] Cerrando navegador y contexto
[2026-02-15T17:43:15.103Z] Inicio scraping SIMPLE (sin login)
[2026-02-15T17:43:15.105Z] Results URL: https://clupik.pro/es/admin/club/9582475/last-results?third-party-session-id=IUpfqkWb1URLcJkUFeQFxzfUrnHSV50imeH7ONMw
[2026-02-15T17:43:15.105Z] Headless: false
[2026-02-15T17:43:20.019Z] Navegado a resultados: https://clupik.pro/es/admin/club/9582475/last-results?third-party-session-id=IUpfqkWb1URLcJkUFeQFxzfUrnHSV50imeH7ONMw
[2026-02-15T17:43:21.143Z] Botones/enlaces de acta encontrados: 13
[2026-02-15T17:43:21.172Z] Links de acta recopilados: 13
[2026-02-15T17:43:21.172Z] Descargando https://storage.googleapis.com/match-scorecard-pdf/fabasket/28e837770918847531644d6e4f37d1cbfdc06dc6.pdf
[2026-02-15T17:43:21.766Z] Guardado data\actas\28e837770918847531644d6e4f37d1cbfdc06dc6.pdf
[2026-02-15T17:43:21.767Z] Descargando https://storage.googleapis.com/match-scorecard-pdf/fabasket/3bdfd8296dc069770f795ecb0e350cfed9bafed6.pdf
[2026-02-15T17:43:21.978Z] Guardado data\actas\3bdfd8296dc069770f795ecb0e350cfed9bafed6.pdf
[2026-02-15T17:43:21.979Z] Descargando https://storage.googleapis.com/match-scorecard-pdf/fabasket/7b584229728f0b924da3ff6d2d6e4b56772a7787.pdf
[2026-02-15T17:43:22.180Z] Guardado data\actas\7b584229728f0b924da3ff6d2d6e4b56772a7787.pdf
[2026-02-15T17:43:22.181Z] Descargando https://storage.googleapis.com/match-scorecard-pdf/fabasket/0c7313f110b53c405e7f31744d26b046de2bc230.pdf
[2026-02-15T17:43:22.396Z] Guardado data\actas\0c7313f110b53c405e7f31744d26b046de2bc230.pdf
[2026-02-15T17:43:22.396Z] Descargando https://storage.googleapis.com/match-scorecard-pdf/fabasket/7d303aacf74a6629a64a11fe85b5fc95a3942fea.pdf
[2026-02-15T17:43:22.605Z] Guardado data\actas\7d303aacf74a6629a64a11fe85b5fc95a3942fea.pdf
[2026-02-15T17:43:22.606Z] Descargando https://storage.googleapis.com/match-scorecard-pdf/fabasket/7d4d00e2c79ed0aa80088791131288ef1b1b6314.pdf
[2026-02-15T17:43:22.796Z] Guardado data\actas\7d4d00e2c79ed0aa80088791131288ef1b1b6314.pdf
[2026-02-15T17:43:22.796Z] Descargando https://storage.googleapis.com/match-scorecard-pdf/fabasket/a5643e0ad01cfd39fe1c76724f99a01a0e1e6698.pdf
[2026-02-15T17:43:22.995Z] Guardado data\actas\a5643e0ad01cfd39fe1c76724f99a01a0e1e6698.pdf
[2026-02-15T17:43:22.996Z] Descargando https://storage.googleapis.com/match-scorecard-pdf/fabasket/3cc739ea27d53a5431549c6af8b4c3b03c7ecf3c.pdf
[2026-02-15T17:43:23.224Z] Guardado data\actas\3cc739ea27d53a5431549c6af8b4c3b03c7ecf3c.pdf
[2026-02-15T17:43:23.225Z] Descargando https://storage.googleapis.com/match-scorecard-pdf/fabasket/4a5b2a63d487c50d683d6851536e6c1f6341151c.pdf
[2026-02-15T17:43:23.452Z] Guardado data\actas\4a5b2a63d487c50d683d6851536e6c1f6341151c.pdf
[2026-02-15T17:43:23.452Z] Descargando https://storage.googleapis.com/match-scorecard-pdf/fabasket/350b85199bef9db0e4c94c01bd372fb20372d14c.pdf
[2026-02-15T17:43:23.653Z] Guardado data\actas\350b85199bef9db0e4c94c01bd372fb20372d14c.pdf
[2026-02-15T17:43:23.654Z] Descargando https://storage.googleapis.com/match-scorecard-pdf/fabasket/ce749a52d632b985995a10c5365cdc81e73fd7ff.pdf
[2026-02-15T17:43:23.899Z] Guardado data\actas\ce749a52d632b985995a10c5365cdc81e73fd7ff.pdf
[2026-02-15T17:43:23.900Z] Descargando https://storage.googleapis.com/match-scorecard-pdf/fabasket/6092c1da1c818d380e2de2b62409f60406ae6fe9.pdf
[2026-02-15T17:43:24.097Z] Guardado data\actas\6092c1da1c818d380e2de2b62409f60406ae6fe9.pdf
[2026-02-15T17:43:24.097Z] Descargando https://clupik.pro/es/admin/tournament/1321516/match/143354422/print?third-party-session-id=IUpfqkWb1URLcJkUFeQFxzfUrnHSV50imeH7ONMw
[2026-02-15T17:43:24.956Z] Guardado data\actas\print
[2026-02-15T17:43:24.957Z] Cerrando navegador y contexto
[2026-02-15T17:54:19.578Z] Inicio scraping SIMPLE (sin login)
[2026-02-15T17:54:19.579Z] Results URL: https://clupik.pro/es/admin/club/9582475/last-results?third-party-session-id=IUpfqkWb1URLcJkUFeQFxzfUrnHSV50imeH7ONMw
[2026-02-15T17:54:19.580Z] Headless: false
[2026-02-15T17:54:22.881Z] Navegado a resultados: https://clupik.pro/es/admin/club/9582475/last-results?third-party-session-id=IUpfqkWb1URLcJkUFeQFxzfUrnHSV50imeH7ONMw
[2026-02-15T17:54:24.004Z] Botones/enlaces de acta encontrados: 13
[2026-02-15T17:54:24.032Z] Links de acta recopilados: 13
[2026-02-15T17:54:24.034Z] Descargando https://storage.googleapis.com/match-scorecard-pdf/fabasket/28e837770918847531644d6e4f37d1cbfdc06dc6.pdf
[2026-02-15T17:54:24.387Z] Guardado data\actas\28e837770918847531644d6e4f37d1cbfdc06dc6.pdf
[2026-02-15T17:54:24.388Z] Descargando https://storage.googleapis.com/match-scorecard-pdf/fabasket/3bdfd8296dc069770f795ecb0e350cfed9bafed6.pdf
[2026-02-15T17:54:24.630Z] Guardado data\actas\3bdfd8296dc069770f795ecb0e350cfed9bafed6.pdf
[2026-02-15T17:54:24.631Z] Descargando https://storage.googleapis.com/match-scorecard-pdf/fabasket/7b584229728f0b924da3ff6d2d6e4b56772a7787.pdf
[2026-02-15T17:54:24.884Z] Guardado data\actas\7b584229728f0b924da3ff6d2d6e4b56772a7787.pdf
[2026-02-15T17:54:24.884Z] Descargando https://storage.googleapis.com/match-scorecard-pdf/fabasket/0c7313f110b53c405e7f31744d26b046de2bc230.pdf
[2026-02-15T17:54:25.157Z] Guardado data\actas\0c7313f110b53c405e7f31744d26b046de2bc230.pdf
[2026-02-15T17:54:25.157Z] Descargando https://storage.googleapis.com/match-scorecard-pdf/fabasket/7d303aacf74a6629a64a11fe85b5fc95a3942fea.pdf
[2026-02-15T17:54:25.414Z] Guardado data\actas\7d303aacf74a6629a64a11fe85b5fc95a3942fea.pdf
[2026-02-15T17:54:25.414Z] Descargando https://storage.googleapis.com/match-scorecard-pdf/fabasket/7d4d00e2c79ed0aa80088791131288ef1b1b6314.pdf
[2026-02-15T17:54:25.647Z] Guardado data\actas\7d4d00e2c79ed0aa80088791131288ef1b1b6314.pdf
[2026-02-15T17:54:25.647Z] Descargando https://storage.googleapis.com/match-scorecard-pdf/fabasket/a5643e0ad01cfd39fe1c76724f99a01a0e1e6698.pdf
[2026-02-15T17:54:25.899Z] Guardado data\actas\a5643e0ad01cfd39fe1c76724f99a01a0e1e6698.pdf
[2026-02-15T17:54:25.899Z] Descargando https://storage.googleapis.com/match-scorecard-pdf/fabasket/3cc739ea27d53a5431549c6af8b4c3b03c7ecf3c.pdf
[2026-02-15T17:54:26.153Z] Guardado data\actas\3cc739ea27d53a5431549c6af8b4c3b03c7ecf3c.pdf
[2026-02-15T17:54:26.154Z] Descargando https://storage.googleapis.com/match-scorecard-pdf/fabasket/4a5b2a63d487c50d683d6851536e6c1f6341151c.pdf
[2026-02-15T17:54:26.422Z] Guardado data\actas\4a5b2a63d487c50d683d6851536e6c1f6341151c.pdf
[2026-02-15T17:54:26.422Z] Descargando https://storage.googleapis.com/match-scorecard-pdf/fabasket/350b85199bef9db0e4c94c01bd372fb20372d14c.pdf
[2026-02-15T17:54:26.669Z] Guardado data\actas\350b85199bef9db0e4c94c01bd372fb20372d14c.pdf
[2026-02-15T17:54:26.669Z] Descargando https://storage.googleapis.com/match-scorecard-pdf/fabasket/ce749a52d632b985995a10c5365cdc81e73fd7ff.pdf
[2026-02-15T17:54:26.890Z] Guardado data\actas\ce749a52d632b985995a10c5365cdc81e73fd7ff.pdf
[2026-02-15T17:54:26.891Z] Descargando https://storage.googleapis.com/match-scorecard-pdf/fabasket/6092c1da1c818d380e2de2b62409f60406ae6fe9.pdf
[2026-02-15T17:54:27.122Z] Guardado data\actas\6092c1da1c818d380e2de2b62409f60406ae6fe9.pdf
[2026-02-15T17:54:27.123Z] Descargando https://clupik.pro/es/admin/tournament/1321516/match/143354422/print?third-party-session-id=IUpfqkWb1URLcJkUFeQFxzfUrnHSV50imeH7ONMw
[2026-02-15T17:54:28.266Z] Guardado data\actas\print
[2026-02-15T17:54:28.266Z] Cerrando navegador y contexto
[2026-02-15T17:55:19.462Z] Inicio scraping SIMPLE (sin login)
[2026-02-15T17:55:19.463Z] Results URL: https://clupik.pro/es/admin/club/9582475/last-results?third-party-session-id=IUpfqkWb1URLcJkUFeQFxzfUrnHSV50imeH7ONMw
[2026-02-15T17:55:19.464Z] Headless: false
[2026-02-15T17:55:22.472Z] Navegado a resultados: https://clupik.pro/es/admin/club/9582475/last-results?third-party-session-id=IUpfqkWb1URLcJkUFeQFxzfUrnHSV50imeH7ONMw
[2026-02-15T17:55:23.591Z] Botones/enlaces de acta encontrados: 13
[2026-02-15T17:55:23.620Z] Links de acta recopilados: 13
[2026-02-15T17:55:23.621Z] Descargando https://storage.googleapis.com/match-scorecard-pdf/fabasket/28e837770918847531644d6e4f37d1cbfdc06dc6.pdf
[2026-02-15T17:55:23.950Z] Guardado data\actas\28e837770918847531644d6e4f37d1cbfdc06dc6.pdf
[2026-02-15T17:55:23.950Z] Descargando https://storage.googleapis.com/match-scorecard-pdf/fabasket/3bdfd8296dc069770f795ecb0e350cfed9bafed6.pdf
[2026-02-15T17:55:24.172Z] Guardado data\actas\3bdfd8296dc069770f795ecb0e350cfed9bafed6.pdf
[2026-02-15T17:55:24.172Z] Descargando https://storage.googleapis.com/match-scorecard-pdf/fabasket/7b584229728f0b924da3ff6d2d6e4b56772a7787.pdf
[2026-02-15T17:55:24.402Z] Guardado data\actas\7b584229728f0b924da3ff6d2d6e4b56772a7787.pdf
[2026-02-15T17:55:24.403Z] Descargando https://storage.googleapis.com/match-scorecard-pdf/fabasket/0c7313f110b53c405e7f31744d26b046de2bc230.pdf
[2026-02-15T17:55:24.630Z] Guardado data\actas\0c7313f110b53c405e7f31744d26b046de2bc230.pdf
[2026-02-15T17:55:24.630Z] Descargando https://storage.googleapis.com/match-scorecard-pdf/fabasket/7d303aacf74a6629a64a11fe85b5fc95a3942fea.pdf
[2026-02-15T17:55:24.866Z] Guardado data\actas\7d303aacf74a6629a64a11fe85b5fc95a3942fea.pdf
[2026-02-15T17:55:24.867Z] Descargando https://storage.googleapis.com/match-scorecard-pdf/fabasket/7d4d00e2c79ed0aa80088791131288ef1b1b6314.pdf
[2026-02-15T17:55:25.125Z] Guardado data\actas\7d4d00e2c79ed0aa80088791131288ef1b1b6314.pdf
[2026-02-15T17:55:25.126Z] Descargando https://storage.googleapis.com/match-scorecard-pdf/fabasket/a5643e0ad01cfd39fe1c76724f99a01a0e1e6698.pdf
[2026-02-15T17:55:25.339Z] Guardado data\actas\a5643e0ad01cfd39fe1c76724f99a01a0e1e6698.pdf
[2026-02-15T17:55:25.339Z] Descargando https://storage.googleapis.com/match-scorecard-pdf/fabasket/3cc739ea27d53a5431549c6af8b4c3b03c7ecf3c.pdf
[2026-02-15T17:55:25.574Z] Guardado data\actas\3cc739ea27d53a5431549c6af8b4c3b03c7ecf3c.pdf
[2026-02-15T17:55:25.574Z] Descargando https://storage.googleapis.com/match-scorecard-pdf/fabasket/4a5b2a63d487c50d683d6851536e6c1f6341151c.pdf
[2026-02-15T17:55:25.795Z] Guardado data\actas\4a5b2a63d487c50d683d6851536e6c1f6341151c.pdf
[2026-02-15T17:55:25.795Z] Descargando https://storage.googleapis.com/match-scorecard-pdf/fabasket/350b85199bef9db0e4c94c01bd372fb20372d14c.pdf
[2026-02-15T17:55:26.016Z] Guardado data\actas\350b85199bef9db0e4c94c01bd372fb20372d14c.pdf
[2026-02-15T17:55:26.017Z] Descargando https://storage.googleapis.com/match-scorecard-pdf/fabasket/ce749a52d632b985995a10c5365cdc81e73fd7ff.pdf
[2026-02-15T17:55:26.244Z] Guardado data\actas\ce749a52d632b985995a10c5365cdc81e73fd7ff.pdf
[2026-02-15T17:55:26.245Z] Descargando https://storage.googleapis.com/match-scorecard-pdf/fabasket/6092c1da1c818d380e2de2b62409f60406ae6fe9.pdf
[2026-02-15T17:55:26.460Z] Guardado data\actas\6092c1da1c818d380e2de2b62409f60406ae6fe9.pdf
[2026-02-15T17:55:26.460Z] Descargando https://clupik.pro/es/admin/tournament/1321516/match/143354422/print?third-party-session-id=IUpfqkWb1URLcJkUFeQFxzfUrnHSV50imeH7ONMw
[2026-02-15T17:55:27.116Z] Guardado data\actas\print
[2026-02-15T17:55:27.116Z] Cerrando navegador y contexto
[2026-02-15T17:59:07.846Z] Inicio scraping SIMPLE (sin login)
[2026-02-15T17:59:07.847Z] Results URL: https://clupik.pro/es/admin/club/9582475/last-results?third-party-session-id=IUpfqkWb1URLcJkUFeQFxzfUrnHSV50imeH7ONMw
[2026-02-15T17:59:07.847Z] Headless: false
[2026-02-15T17:59:10.915Z] Navegado a resultados: https://clupik.pro/es/admin/club/9582475/last-results?third-party-session-id=IUpfqkWb1URLcJkUFeQFxzfUrnHSV50imeH7ONMw
[2026-02-15T17:59:12.027Z] Botones/enlaces de acta encontrados: 13
[2026-02-15T17:59:12.056Z] Links de acta recopilados: 13
[2026-02-15T17:59:12.056Z] Descargando https://storage.googleapis.com/match-scorecard-pdf/fabasket/28e837770918847531644d6e4f37d1cbfdc06dc6.pdf
[2026-02-15T17:59:12.410Z] Guardado data\actas\28e837770918847531644d6e4f37d1cbfdc06dc6.pdf
[2026-02-15T17:59:12.411Z] Descargando https://storage.googleapis.com/match-scorecard-pdf/fabasket/3bdfd8296dc069770f795ecb0e350cfed9bafed6.pdf
[2026-02-15T17:59:12.639Z] Guardado data\actas\3bdfd8296dc069770f795ecb0e350cfed9bafed6.pdf
[2026-02-15T17:59:12.639Z] Descargando https://storage.googleapis.com/match-scorecard-pdf/fabasket/7b584229728f0b924da3ff6d2d6e4b56772a7787.pdf
[2026-02-15T17:59:12.877Z] Guardado data\actas\7b584229728f0b924da3ff6d2d6e4b56772a7787.pdf
[2026-02-15T17:59:12.878Z] Descargando https://storage.googleapis.com/match-scorecard-pdf/fabasket/0c7313f110b53c405e7f31744d26b046de2bc230.pdf
[2026-02-15T17:59:13.128Z] Guardado data\actas\0c7313f110b53c405e7f31744d26b046de2bc230.pdf
[2026-02-15T17:59:13.128Z] Descargando https://storage.googleapis.com/match-scorecard-pdf/fabasket/7d303aacf74a6629a64a11fe85b5fc95a3942fea.pdf
[2026-02-15T17:59:13.355Z] Guardado data\actas\7d303aacf74a6629a64a11fe85b5fc95a3942fea.pdf
[2026-02-15T17:59:13.356Z] Descargando https://storage.googleapis.com/match-scorecard-pdf/fabasket/7d4d00e2c79ed0aa80088791131288ef1b1b6314.pdf
[2026-02-15T17:59:13.573Z] Guardado data\actas\7d4d00e2c79ed0aa80088791131288ef1b1b6314.pdf
[2026-02-15T17:59:13.574Z] Descargando https://storage.googleapis.com/match-scorecard-pdf/fabasket/a5643e0ad01cfd39fe1c76724f99a01a0e1e6698.pdf
[2026-02-15T17:59:13.800Z] Guardado data\actas\a5643e0ad01cfd39fe1c76724f99a01a0e1e6698.pdf
[2026-02-15T17:59:13.800Z] Descargando https://storage.googleapis.com/match-scorecard-pdf/fabasket/3cc739ea27d53a5431549c6af8b4c3b03c7ecf3c.pdf
[2026-02-15T17:59:14.027Z] Guardado data\actas\3cc739ea27d53a5431549c6af8b4c3b03c7ecf3c.pdf
[2026-02-15T17:59:14.028Z] Descargando https://storage.googleapis.com/match-scorecard-pdf/fabasket/4a5b2a63d487c50d683d6851536e6c1f6341151c.pdf
[2026-02-15T17:59:14.252Z] Guardado data\actas\4a5b2a63d487c50d683d6851536e6c1f6341151c.pdf
[2026-02-15T17:59:14.252Z] Descargando https://storage.googleapis.com/match-scorecard-pdf/fabasket/350b85199bef9db0e4c94c01bd372fb20372d14c.pdf
[2026-02-15T17:59:14.475Z] Guardado data\actas\350b85199bef9db0e4c94c01bd372fb20372d14c.pdf
[2026-02-15T17:59:14.476Z] Descargando https://storage.googleapis.com/match-scorecard-pdf/fabasket/ce749a52d632b985995a10c5365cdc81e73fd7ff.pdf
[2026-02-15T17:59:14.697Z] Guardado data\actas\ce749a52d632b985995a10c5365cdc81e73fd7ff.pdf
[2026-02-15T17:59:14.697Z] Descargando https://storage.googleapis.com/match-scorecard-pdf/fabasket/6092c1da1c818d380e2de2b62409f60406ae6fe9.pdf
[2026-02-15T17:59:14.939Z] Guardado data\actas\6092c1da1c818d380e2de2b62409f60406ae6fe9.pdf
[2026-02-15T17:59:14.940Z] Descargando https://clupik.pro/es/admin/tournament/1321516/match/143354422/print?third-party-session-id=IUpfqkWb1URLcJkUFeQFxzfUrnHSV50imeH7ONMw
[2026-02-15T17:59:15.636Z] Guardado data\actas\print
[2026-02-15T17:59:15.636Z] Cerrando navegador y contexto
[2026-02-15T18:05:15.136Z] Inicio scraping SIMPLE (sin login)
[2026-02-15T18:05:15.140Z] Results URL: https://clupik.pro/es/admin/club/9582475/last-results?third-party-session-id=IUpfqkWb1URLcJkUFeQFxzfUrnHSV50imeH7ONMw
[2026-02-15T18:05:15.140Z] Headless: false
[2026-02-15T18:05:18.269Z] Navegado a resultados: https://clupik.pro/es/admin/club/9582475/last-results?third-party-session-id=IUpfqkWb1URLcJkUFeQFxzfUrnHSV50imeH7ONMw
[2026-02-15T18:05:19.385Z] Botones/enlaces de acta encontrados: 13
[2026-02-15T18:05:19.414Z] Links de acta recopilados: 13
[2026-02-15T18:05:19.415Z] Descargando https://storage.googleapis.com/match-scorecard-pdf/fabasket/28e837770918847531644d6e4f37d1cbfdc06dc6.pdf
[2026-02-15T18:05:19.753Z] Guardado data\actas\28e837770918847531644d6e4f37d1cbfdc06dc6.pdf
[2026-02-15T18:05:19.754Z] Descargando https://storage.googleapis.com/match-scorecard-pdf/fabasket/3bdfd8296dc069770f795ecb0e350cfed9bafed6.pdf
[2026-02-15T18:05:20.000Z] Guardado data\actas\3bdfd8296dc069770f795ecb0e350cfed9bafed6.pdf
[2026-02-15T18:05:20.001Z] Descargando https://storage.googleapis.com/match-scorecard-pdf/fabasket/7b584229728f0b924da3ff6d2d6e4b56772a7787.pdf
[2026-02-15T18:05:20.328Z] Guardado data\actas\7b584229728f0b924da3ff6d2d6e4b56772a7787.pdf
[2026-02-15T18:05:20.329Z] Descargando https://storage.googleapis.com/match-scorecard-pdf/fabasket/0c7313f110b53c405e7f31744d26b046de2bc230.pdf
[2026-02-15T18:05:20.574Z] Guardado data\actas\0c7313f110b53c405e7f31744d26b046de2bc230.pdf
[2026-02-15T18:05:20.575Z] Descargando https://storage.googleapis.com/match-scorecard-pdf/fabasket/7d303aacf74a6629a64a11fe85b5fc95a3942fea.pdf
[2026-02-15T18:05:20.833Z] Guardado data\actas\7d303aacf74a6629a64a11fe85b5fc95a3942fea.pdf
[2026-02-15T18:05:20.833Z] Descargando https://storage.googleapis.com/match-scorecard-pdf/fabasket/7d4d00e2c79ed0aa80088791131288ef1b1b6314.pdf
[2026-02-15T18:05:21.075Z] Guardado data\actas\7d4d00e2c79ed0aa80088791131288ef1b1b6314.pdf
[2026-02-15T18:05:21.076Z] Descargando https://storage.googleapis.com/match-scorecard-pdf/fabasket/a5643e0ad01cfd39fe1c76724f99a01a0e1e6698.pdf
[2026-02-15T18:05:21.333Z] Guardado data\actas\a5643e0ad01cfd39fe1c76724f99a01a0e1e6698.pdf
[2026-02-15T18:05:21.333Z] Descargando https://storage.googleapis.com/match-scorecard-pdf/fabasket/3cc739ea27d53a5431549c6af8b4c3b03c7ecf3c.pdf
[2026-02-15T18:05:21.573Z] Guardado data\actas\3cc739ea27d53a5431549c6af8b4c3b03c7ecf3c.pdf
[2026-02-15T18:05:21.574Z] Descargando https://storage.googleapis.com/match-scorecard-pdf/fabasket/4a5b2a63d487c50d683d6851536e6c1f6341151c.pdf
[2026-02-15T18:05:21.794Z] Guardado data\actas\4a5b2a63d487c50d683d6851536e6c1f6341151c.pdf
[2026-02-15T18:05:21.795Z] Descargando https://storage.googleapis.com/match-scorecard-pdf/fabasket/350b85199bef9db0e4c94c01bd372fb20372d14c.pdf
[2026-02-15T18:05:22.029Z] Guardado data\actas\350b85199bef9db0e4c94c01bd372fb20372d14c.pdf
[2026-02-15T18:05:22.030Z] Descargando https://storage.googleapis.com/match-scorecard-pdf/fabasket/ce749a52d632b985995a10c5365cdc81e73fd7ff.pdf
[2026-02-15T18:05:22.257Z] Guardado data\actas\ce749a52d632b985995a10c5365cdc81e73fd7ff.pdf
[2026-02-15T18:05:22.257Z] Descargando https://storage.googleapis.com/match-scorecard-pdf/fabasket/6092c1da1c818d380e2de2b62409f60406ae6fe9.pdf
[2026-02-15T18:05:22.484Z] Guardado data\actas\6092c1da1c818d380e2de2b62409f60406ae6fe9.pdf
[2026-02-15T18:05:22.485Z] Descargando https://clupik.pro/es/admin/tournament/1321516/match/143354422/print?third-party-session-id=IUpfqkWb1URLcJkUFeQFxzfUrnHSV50imeH7ONMw
[2026-02-15T18:05:23.297Z] Guardado data\actas\print
[2026-02-15T18:05:23.297Z] Cerrando navegador y contexto
[2026-02-15T18:07:01.467Z] Inicio scraping SIMPLE (sin login)
[2026-02-15T18:07:01.471Z] Results URL: https://clupik.pro/es/admin/club/9582475/last-results?third-party-session-id=IUpfqkWb1URLcJkUFeQFxzfUrnHSV50imeH7ONMw
[2026-02-15T18:07:01.472Z] Headless: false
[2026-02-15T18:07:04.425Z] Navegado a resultados: https://clupik.pro/es/admin/club/9582475/last-results?third-party-session-id=IUpfqkWb1URLcJkUFeQFxzfUrnHSV50imeH7ONMw
[2026-02-15T18:07:05.550Z] Botones/enlaces de acta encontrados: 13
[2026-02-15T18:07:05.580Z] Links de acta recopilados: 13
[2026-02-15T18:07:05.580Z] Descargando https://storage.googleapis.com/match-scorecard-pdf/fabasket/28e837770918847531644d6e4f37d1cbfdc06dc6.pdf
[2026-02-15T18:07:06.116Z] Guardado PDF data\actas\28e837770918847531644d6e4f37d1cbfdc06dc6.pdf
[2026-02-15T18:07:06.116Z] Descargando https://storage.googleapis.com/match-scorecard-pdf/fabasket/3bdfd8296dc069770f795ecb0e350cfed9bafed6.pdf
[2026-02-15T18:07:06.318Z] Guardado PDF data\actas\3bdfd8296dc069770f795ecb0e350cfed9bafed6.pdf
[2026-02-15T18:07:06.319Z] Descargando https://storage.googleapis.com/match-scorecard-pdf/fabasket/7b584229728f0b924da3ff6d2d6e4b56772a7787.pdf
[2026-02-15T18:07:06.533Z] Guardado PDF data\actas\7b584229728f0b924da3ff6d2d6e4b56772a7787.pdf
[2026-02-15T18:07:06.533Z] Descargando https://storage.googleapis.com/match-scorecard-pdf/fabasket/0c7313f110b53c405e7f31744d26b046de2bc230.pdf
[2026-02-15T18:07:06.735Z] Guardado PDF data\actas\0c7313f110b53c405e7f31744d26b046de2bc230.pdf
[2026-02-15T18:07:06.735Z] Descargando https://storage.googleapis.com/match-scorecard-pdf/fabasket/7d303aacf74a6629a64a11fe85b5fc95a3942fea.pdf
[2026-02-15T18:07:06.938Z] Guardado PDF data\actas\7d303aacf74a6629a64a11fe85b5fc95a3942fea.pdf
[2026-02-15T18:07:06.938Z] Descargando https://storage.googleapis.com/match-scorecard-pdf/fabasket/7d4d00e2c79ed0aa80088791131288ef1b1b6314.pdf
[2026-02-15T18:07:07.137Z] Guardado PDF data\actas\7d4d00e2c79ed0aa80088791131288ef1b1b6314.pdf
[2026-02-15T18:07:07.138Z] Descargando https://storage.googleapis.com/match-scorecard-pdf/fabasket/a5643e0ad01cfd39fe1c76724f99a01a0e1e6698.pdf
[2026-02-15T18:07:07.379Z] Guardado PDF data\actas\a5643e0ad01cfd39fe1c76724f99a01a0e1e6698.pdf
[2026-02-15T18:07:07.380Z] Descargando https://storage.googleapis.com/match-scorecard-pdf/fabasket/3cc739ea27d53a5431549c6af8b4c3b03c7ecf3c.pdf
[2026-02-15T18:07:07.600Z] Guardado PDF data\actas\3cc739ea27d53a5431549c6af8b4c3b03c7ecf3c.pdf
[2026-02-15T18:07:07.600Z] Descargando https://storage.googleapis.com/match-scorecard-pdf/fabasket/4a5b2a63d487c50d683d6851536e6c1f6341151c.pdf
[2026-02-15T18:07:07.799Z] Guardado PDF data\actas\4a5b2a63d487c50d683d6851536e6c1f6341151c.pdf
[2026-02-15T18:07:07.800Z] Descargando https://storage.googleapis.com/match-scorecard-pdf/fabasket/350b85199bef9db0e4c94c01bd372fb20372d14c.pdf
[2026-02-15T18:07:07.999Z] Guardado PDF data\actas\350b85199bef9db0e4c94c01bd372fb20372d14c.pdf
[2026-02-15T18:07:07.999Z] Descargando https://storage.googleapis.com/match-scorecard-pdf/fabasket/ce749a52d632b985995a10c5365cdc81e73fd7ff.pdf
[2026-02-15T18:07:08.211Z] Guardado PDF data\actas\ce749a52d632b985995a10c5365cdc81e73fd7ff.pdf
[2026-02-15T18:07:08.211Z] Descargando https://storage.googleapis.com/match-scorecard-pdf/fabasket/6092c1da1c818d380e2de2b62409f60406ae6fe9.pdf
[2026-02-15T18:07:08.416Z] Guardado PDF data\actas\6092c1da1c818d380e2de2b62409f60406ae6fe9.pdf
[2026-02-15T18:07:08.416Z] Descargando https://clupik.pro/es/admin/tournament/1321516/match/143354422/print?third-party-session-id=IUpfqkWb1URLcJkUFeQFxzfUrnHSV50imeH7ONMw
[2026-02-15T18:07:09.107Z] Guardado (no PDF, NO se convertirá) data\actas\print [text/html; charset=UTF-8]
[2026-02-15T18:07:09.108Z] Cerrando navegador y contexto
[2026-02-15T18:07:25.152Z] Inicio scraping SIMPLE (sin login)
[2026-02-15T18:07:25.153Z] Results URL: https://clupik.pro/es/admin/club/9582475/last-results?third-party-session-id=IUpfqkWb1URLcJkUFeQFxzfUrnHSV50imeH7ONMw
[2026-02-15T18:07:25.153Z] Headless: false
[2026-02-15T18:07:29.791Z] Navegado a resultados: https://clupik.pro/es/admin/club/9582475/last-results?third-party-session-id=IUpfqkWb1URLcJkUFeQFxzfUrnHSV50imeH7ONMw
[2026-02-15T18:07:30.900Z] Botones/enlaces de acta encontrados: 13
[2026-02-15T18:07:30.926Z] Links de acta recopilados: 13
[2026-02-15T18:07:30.927Z] Descargando https://storage.googleapis.com/match-scorecard-pdf/fabasket/28e837770918847531644d6e4f37d1cbfdc06dc6.pdf
[2026-02-15T18:07:31.382Z] Guardado PDF data\actas\28e837770918847531644d6e4f37d1cbfdc06dc6.pdf
[2026-02-15T18:07:31.383Z] Descargando https://storage.googleapis.com/match-scorecard-pdf/fabasket/3bdfd8296dc069770f795ecb0e350cfed9bafed6.pdf
[2026-02-15T18:07:31.582Z] Guardado PDF data\actas\3bdfd8296dc069770f795ecb0e350cfed9bafed6.pdf
[2026-02-15T18:07:31.582Z] Descargando https://storage.googleapis.com/match-scorecard-pdf/fabasket/7b584229728f0b924da3ff6d2d6e4b56772a7787.pdf
[2026-02-15T18:07:31.785Z] Guardado PDF data\actas\7b584229728f0b924da3ff6d2d6e4b56772a7787.pdf
[2026-02-15T18:07:31.786Z] Descargando https://storage.googleapis.com/match-scorecard-pdf/fabasket/0c7313f110b53c405e7f31744d26b046de2bc230.pdf
[2026-02-15T18:07:31.985Z] Guardado PDF data\actas\0c7313f110b53c405e7f31744d26b046de2bc230.pdf
[2026-02-15T18:07:31.985Z] Descargando https://storage.googleapis.com/match-scorecard-pdf/fabasket/7d303aacf74a6629a64a11fe85b5fc95a3942fea.pdf
[2026-02-15T18:07:32.182Z] Guardado PDF data\actas\7d303aacf74a6629a64a11fe85b5fc95a3942fea.pdf
[2026-02-15T18:07:32.182Z] Descargando https://storage.googleapis.com/match-scorecard-pdf/fabasket/7d4d00e2c79ed0aa80088791131288ef1b1b6314.pdf
[2026-02-15T18:07:32.377Z] Guardado PDF data\actas\7d4d00e2c79ed0aa80088791131288ef1b1b6314.pdf
[2026-02-15T18:07:32.377Z] Descargando https://storage.googleapis.com/match-scorecard-pdf/fabasket/a5643e0ad01cfd39fe1c76724f99a01a0e1e6698.pdf
[2026-02-15T18:07:32.576Z] Guardado PDF data\actas\a5643e0ad01cfd39fe1c76724f99a01a0e1e6698.pdf
[2026-02-15T18:07:32.576Z] Descargando https://storage.googleapis.com/match-scorecard-pdf/fabasket/3cc739ea27d53a5431549c6af8b4c3b03c7ecf3c.pdf
[2026-02-15T18:07:32.774Z] Guardado PDF data\actas\3cc739ea27d53a5431549c6af8b4c3b03c7ecf3c.pdf
[2026-02-15T18:07:32.775Z] Descargando https://storage.googleapis.com/match-scorecard-pdf/fabasket/4a5b2a63d487c50d683d6851536e6c1f6341151c.pdf
[2026-02-15T18:07:32.981Z] Guardado PDF data\actas\4a5b2a63d487c50d683d6851536e6c1f6341151c.pdf
[2026-02-15T18:07:32.982Z] Descargando https://storage.googleapis.com/match-scorecard-pdf/fabasket/350b85199bef9db0e4c94c01bd372fb20372d14c.pdf
[2026-02-15T18:07:33.180Z] Guardado PDF data\actas\350b85199bef9db0e4c94c01bd372fb20372d14c.pdf
[2026-02-15T18:07:33.181Z] Descargando https://storage.googleapis.com/match-scorecard-pdf/fabasket/ce749a52d632b985995a10c5365cdc81e73fd7ff.pdf
[2026-02-15T18:07:33.371Z] Guardado PDF data\actas\ce749a52d632b985995a10c5365cdc81e73fd7ff.pdf
[2026-02-15T18:07:33.371Z] Descargando https://storage.googleapis.com/match-scorecard-pdf/fabasket/6092c1da1c818d380e2de2b62409f60406ae6fe9.pdf
[2026-02-15T18:07:33.564Z] Guardado PDF data\actas\6092c1da1c818d380e2de2b62409f60406ae6fe9.pdf
[2026-02-15T18:07:33.565Z] Descargando https://clupik.pro/es/admin/tournament/1321516/match/143354422/print?third-party-session-id=IUpfqkWb1URLcJkUFeQFxzfUrnHSV50imeH7ONMw
[2026-02-15T18:07:34.229Z] Guardado (no PDF, NO se convertirá) data\actas\print [text/html; charset=UTF-8]
[2026-02-15T18:07:34.230Z] Cerrando navegador y contexto
[2026-02-15T18:32:07.170Z] Inicio scraping SIMPLE (sin login)
[2026-02-15T18:32:07.171Z] Results URL: https://clupik.pro/es/admin/club/9582475/last-results?third-party-session-id=IUpfqkWb1URLcJkUFeQFxzfUrnHSV50imeH7ONMw
[2026-02-15T18:32:07.172Z] Headless: false
[2026-02-15T18:32:10.674Z] Navegado a resultados: https://clupik.pro/es/admin/club/9582475/last-results?third-party-session-id=IUpfqkWb1URLcJkUFeQFxzfUrnHSV50imeH7ONMw
[2026-02-15T18:32:11.785Z] Botones/enlaces de acta encontrados: 13
[2026-02-15T18:32:11.812Z] Links de acta recopilados: 13
[2026-02-15T18:32:11.812Z] Descargando https://storage.googleapis.com/match-scorecard-pdf/fabasket/28e837770918847531644d6e4f37d1cbfdc06dc6.pdf
[2026-02-15T18:32:12.120Z] Guardado PDF data\actas\28e837770918847531644d6e4f37d1cbfdc06dc6.pdf
[2026-02-15T18:32:12.121Z] Descargando https://storage.googleapis.com/match-scorecard-pdf/fabasket/3bdfd8296dc069770f795ecb0e350cfed9bafed6.pdf
[2026-02-15T18:32:12.370Z] Guardado PDF data\actas\3bdfd8296dc069770f795ecb0e350cfed9bafed6.pdf
[2026-02-15T18:32:12.370Z] Descargando https://storage.googleapis.com/match-scorecard-pdf/fabasket/7b584229728f0b924da3ff6d2d6e4b56772a7787.pdf
[2026-02-15T18:32:12.635Z] Guardado PDF data\actas\7b584229728f0b924da3ff6d2d6e4b56772a7787.pdf
[2026-02-15T18:32:12.635Z] Descargando https://storage.googleapis.com/match-scorecard-pdf/fabasket/0c7313f110b53c405e7f31744d26b046de2bc230.pdf
[2026-02-15T18:32:12.890Z] Guardado PDF data\actas\0c7313f110b53c405e7f31744d26b046de2bc230.pdf
[2026-02-15T18:32:12.891Z] Descargando https://storage.googleapis.com/match-scorecard-pdf/fabasket/7d303aacf74a6629a64a11fe85b5fc95a3942fea.pdf
[2026-02-15T18:32:13.131Z] Guardado PDF data\actas\7d303aacf74a6629a64a11fe85b5fc95a3942fea.pdf
[2026-02-15T18:32:13.131Z] Descargando https://storage.googleapis.com/match-scorecard-pdf/fabasket/7d4d00e2c79ed0aa80088791131288ef1b1b6314.pdf
[2026-02-15T18:32:13.364Z] Guardado PDF data\actas\7d4d00e2c79ed0aa80088791131288ef1b1b6314.pdf
[2026-02-15T18:32:13.364Z] Descargando https://storage.googleapis.com/match-scorecard-pdf/fabasket/a5643e0ad01cfd39fe1c76724f99a01a0e1e6698.pdf
[2026-02-15T18:32:13.603Z] Guardado PDF data\actas\a5643e0ad01cfd39fe1c76724f99a01a0e1e6698.pdf
[2026-02-15T18:32:13.603Z] Descargando https://storage.googleapis.com/match-scorecard-pdf/fabasket/3cc739ea27d53a5431549c6af8b4c3b03c7ecf3c.pdf
[2026-02-15T18:32:13.826Z] Guardado PDF data\actas\3cc739ea27d53a5431549c6af8b4c3b03c7ecf3c.pdf
[2026-02-15T18:32:13.827Z] Descargando https://storage.googleapis.com/match-scorecard-pdf/fabasket/4a5b2a63d487c50d683d6851536e6c1f6341151c.pdf
[2026-02-15T18:32:14.056Z] Guardado PDF data\actas\4a5b2a63d487c50d683d6851536e6c1f6341151c.pdf
[2026-02-15T18:32:14.057Z] Descargando https://storage.googleapis.com/match-scorecard-pdf/fabasket/350b85199bef9db0e4c94c01bd372fb20372d14c.pdf
[2026-02-15T18:32:14.274Z] Guardado PDF data\actas\350b85199bef9db0e4c94c01bd372fb20372d14c.pdf
[2026-02-15T18:32:14.274Z] Descargando https://storage.googleapis.com/match-scorecard-pdf/fabasket/ce749a52d632b985995a10c5365cdc81e73fd7ff.pdf
[2026-02-15T18:32:14.491Z] Guardado PDF data\actas\ce749a52d632b985995a10c5365cdc81e73fd7ff.pdf
[2026-02-15T18:32:14.492Z] Descargando https://storage.googleapis.com/match-scorecard-pdf/fabasket/6092c1da1c818d380e2de2b62409f60406ae6fe9.pdf
[2026-02-15T18:32:14.722Z] Guardado PDF data\actas\6092c1da1c818d380e2de2b62409f60406ae6fe9.pdf
[2026-02-15T18:32:14.723Z] Descargando https://clupik.pro/es/admin/tournament/1321516/match/143354422/print?third-party-session-id=IUpfqkWb1URLcJkUFeQFxzfUrnHSV50imeH7ONMw
[2026-02-15T18:32:15.473Z] Guardado (no PDF, NO se convertirá) data\actas\print [text/html; charset=UTF-8]
[2026-02-15T18:32:15.473Z] Cerrando navegador y contexto
[2026-02-15T18:33:26.064Z] Inicio scraping SIMPLE (sin login)
[2026-02-15T18:33:26.066Z] Results URL: https://clupik.pro/es/admin/club/9582475/last-results?third-party-session-id=IUpfqkWb1URLcJkUFeQFxzfUrnHSV50imeH7ONMw
[2026-02-15T18:33:26.067Z] Headless: false
[2026-02-15T18:33:29.675Z] Navegado a resultados: https://clupik.pro/es/admin/club/9582475/last-results?third-party-session-id=IUpfqkWb1URLcJkUFeQFxzfUrnHSV50imeH7ONMw
[2026-02-15T18:33:30.785Z] Botones/enlaces de acta encontrados: 13
[2026-02-15T18:33:30.814Z] Links de acta recopilados: 13
[2026-02-15T18:33:30.814Z] Descargando https://storage.googleapis.com/match-scorecard-pdf/fabasket/28e837770918847531644d6e4f37d1cbfdc06dc6.pdf
[2026-02-15T18:33:31.149Z] Guardado PDF data\actas\28e837770918847531644d6e4f37d1cbfdc06dc6.pdf
[2026-02-15T18:33:31.150Z] Descargando https://storage.googleapis.com/match-scorecard-pdf/fabasket/3bdfd8296dc069770f795ecb0e350cfed9bafed6.pdf
[2026-02-15T18:33:31.374Z] Guardado PDF data\actas\3bdfd8296dc069770f795ecb0e350cfed9bafed6.pdf
[2026-02-15T18:33:31.375Z] Descargando https://storage.googleapis.com/match-scorecard-pdf/fabasket/7b584229728f0b924da3ff6d2d6e4b56772a7787.pdf
[2026-02-15T18:33:31.627Z] Guardado PDF data\actas\7b584229728f0b924da3ff6d2d6e4b56772a7787.pdf
[2026-02-15T18:33:31.627Z] Descargando https://storage.googleapis.com/match-scorecard-pdf/fabasket/0c7313f110b53c405e7f31744d26b046de2bc230.pdf
[2026-02-15T18:33:31.852Z] Guardado PDF data\actas\0c7313f110b53c405e7f31744d26b046de2bc230.pdf
[2026-02-15T18:33:31.852Z] Descargando https://storage.googleapis.com/match-scorecard-pdf/fabasket/7d303aacf74a6629a64a11fe85b5fc95a3942fea.pdf
[2026-02-15T18:33:32.076Z] Guardado PDF data\actas\7d303aacf74a6629a64a11fe85b5fc95a3942fea.pdf
[2026-02-15T18:33:32.076Z] Descargando https://storage.googleapis.com/match-scorecard-pdf/fabasket/7d4d00e2c79ed0aa80088791131288ef1b1b6314.pdf
[2026-02-15T18:33:32.288Z] Guardado PDF data\actas\7d4d00e2c79ed0aa80088791131288ef1b1b6314.pdf
[2026-02-15T18:33:32.288Z] Descargando https://storage.googleapis.com/match-scorecard-pdf/fabasket/a5643e0ad01cfd39fe1c76724f99a01a0e1e6698.pdf
[2026-02-15T18:33:32.502Z] Guardado PDF data\actas\a5643e0ad01cfd39fe1c76724f99a01a0e1e6698.pdf
[2026-02-15T18:33:32.502Z] Descargando https://storage.googleapis.com/match-scorecard-pdf/fabasket/3cc739ea27d53a5431549c6af8b4c3b03c7ecf3c.pdf
[2026-02-15T18:33:32.741Z] Guardado PDF data\actas\3cc739ea27d53a5431549c6af8b4c3b03c7ecf3c.pdf
[2026-02-15T18:33:32.741Z] Descargando https://storage.googleapis.com/match-scorecard-pdf/fabasket/4a5b2a63d487c50d683d6851536e6c1f6341151c.pdf
[2026-02-15T18:33:32.953Z] Guardado PDF data\actas\4a5b2a63d487c50d683d6851536e6c1f6341151c.pdf
[2026-02-15T18:33:32.954Z] Descargando https://storage.googleapis.com/match-scorecard-pdf/fabasket/350b85199bef9db0e4c94c01bd372fb20372d14c.pdf
[2026-02-15T18:33:33.167Z] Guardado PDF data\actas\350b85199bef9db0e4c94c01bd372fb20372d14c.pdf
[2026-02-15T18:33:33.168Z] Descargando https://storage.googleapis.com/match-scorecard-pdf/fabasket/ce749a52d632b985995a10c5365cdc81e73fd7ff.pdf
[2026-02-15T18:33:33.409Z] Guardado PDF data\actas\ce749a52d632b985995a10c5365cdc81e73fd7ff.pdf
[2026-02-15T18:33:33.409Z] Descargando https://storage.googleapis.com/match-scorecard-pdf/fabasket/6092c1da1c818d380e2de2b62409f60406ae6fe9.pdf
[2026-02-15T18:33:33.638Z] Guardado PDF data\actas\6092c1da1c818d380e2de2b62409f60406ae6fe9.pdf
[2026-02-15T18:33:33.638Z] Descargando https://clupik.pro/es/admin/tournament/1321516/match/143354422/print?third-party-session-id=IUpfqkWb1URLcJkUFeQFxzfUrnHSV50imeH7ONMw
[2026-02-15T18:33:34.323Z] Guardado (no PDF, NO se convertirá) data\actas\print [text/html; charset=UTF-8]
[2026-02-15T18:33:34.323Z] Cerrando navegador y contexto
[2026-02-15T18:34:13.054Z] Inicio scraping SIMPLE (sin login)
[2026-02-15T18:34:13.055Z] Results URL: https://clupik.pro/es/admin/club/9582475/last-results?third-party-session-id=IUpfqkWb1URLcJkUFeQFxzfUrnHSV50imeH7ONMw
[2026-02-15T18:34:13.056Z] Headless: false
[2026-02-15T18:34:17.453Z] Navegado a resultados: https://clupik.pro/es/admin/club/9582475/last-results?third-party-session-id=IUpfqkWb1URLcJkUFeQFxzfUrnHSV50imeH7ONMw
[2026-02-15T18:34:18.564Z] Botones/enlaces de acta encontrados: 13
[2026-02-15T18:34:18.594Z] Links de acta recopilados: 13
[2026-02-15T18:34:18.595Z] Descargando https://storage.googleapis.com/match-scorecard-pdf/fabasket/28e837770918847531644d6e4f37d1cbfdc06dc6.pdf
[2026-02-15T18:34:18.898Z] Guardado PDF data\actas\28e837770918847531644d6e4f37d1cbfdc06dc6.pdf
[2026-02-15T18:34:18.899Z] Descargando https://storage.googleapis.com/match-scorecard-pdf/fabasket/3bdfd8296dc069770f795ecb0e350cfed9bafed6.pdf
[2026-02-15T18:34:19.116Z] Guardado PDF data\actas\3bdfd8296dc069770f795ecb0e350cfed9bafed6.pdf
[2026-02-15T18:34:19.117Z] Descargando https://storage.googleapis.com/match-scorecard-pdf/fabasket/7b584229728f0b924da3ff6d2d6e4b56772a7787.pdf
[2026-02-15T18:34:19.397Z] Guardado PDF data\actas\7b584229728f0b924da3ff6d2d6e4b56772a7787.pdf
[2026-02-15T18:34:19.397Z] Descargando https://storage.googleapis.com/match-scorecard-pdf/fabasket/0c7313f110b53c405e7f31744d26b046de2bc230.pdf
[2026-02-15T18:34:19.638Z] Guardado PDF data\actas\0c7313f110b53c405e7f31744d26b046de2bc230.pdf
[2026-02-15T18:34:19.639Z] Descargando https://storage.googleapis.com/match-scorecard-pdf/fabasket/7d303aacf74a6629a64a11fe85b5fc95a3942fea.pdf
[2026-02-15T18:34:19.848Z] Guardado PDF data\actas\7d303aacf74a6629a64a11fe85b5fc95a3942fea.pdf
[2026-02-15T18:34:19.848Z] Descargando https://storage.googleapis.com/match-scorecard-pdf/fabasket/7d4d00e2c79ed0aa80088791131288ef1b1b6314.pdf
[2026-02-15T18:34:20.060Z] Guardado PDF data\actas\7d4d00e2c79ed0aa80088791131288ef1b1b6314.pdf
[2026-02-15T18:34:20.060Z] Descargando https://storage.googleapis.com/match-scorecard-pdf/fabasket/a5643e0ad01cfd39fe1c76724f99a01a0e1e6698.pdf
[2026-02-15T18:34:20.288Z] Guardado PDF data\actas\a5643e0ad01cfd39fe1c76724f99a01a0e1e6698.pdf
[2026-02-15T18:34:20.288Z] Descargando https://storage.googleapis.com/match-scorecard-pdf/fabasket/3cc739ea27d53a5431549c6af8b4c3b03c7ecf3c.pdf
[2026-02-15T18:34:20.507Z] Guardado PDF data\actas\3cc739ea27d53a5431549c6af8b4c3b03c7ecf3c.pdf
[2026-02-15T18:34:20.507Z] Descargando https://storage.googleapis.com/match-scorecard-pdf/fabasket/4a5b2a63d487c50d683d6851536e6c1f6341151c.pdf
[2026-02-15T18:34:20.731Z] Guardado PDF data\actas\4a5b2a63d487c50d683d6851536e6c1f6341151c.pdf
[2026-02-15T18:34:20.732Z] Descargando https://storage.googleapis.com/match-scorecard-pdf/fabasket/350b85199bef9db0e4c94c01bd372fb20372d14c.pdf
[2026-02-15T18:34:20.939Z] Guardado PDF data\actas\350b85199bef9db0e4c94c01bd372fb20372d14c.pdf
[2026-02-15T18:34:20.940Z] Descargando https://storage.googleapis.com/match-scorecard-pdf/fabasket/ce749a52d632b985995a10c5365cdc81e73fd7ff.pdf
[2026-02-15T18:34:21.155Z] Guardado PDF data\actas\ce749a52d632b985995a10c5365cdc81e73fd7ff.pdf
[2026-02-15T18:34:21.155Z] Descargando https://storage.googleapis.com/match-scorecard-pdf/fabasket/6092c1da1c818d380e2de2b62409f60406ae6fe9.pdf
[2026-02-15T18:34:21.376Z] Guardado PDF data\actas\6092c1da1c818d380e2de2b62409f60406ae6fe9.pdf
[2026-02-15T18:34:21.377Z] Descargando https://clupik.pro/es/admin/tournament/1321516/match/143354422/print?third-party-session-id=IUpfqkWb1URLcJkUFeQFxzfUrnHSV50imeH7ONMw
[2026-02-15T18:34:22.009Z] Guardado (no PDF, NO se convertirá) data\actas\print [text/html; charset=UTF-8]
[2026-02-15T18:34:22.009Z] Cerrando navegador y contexto
[2026-02-15T18:34:35.534Z] Inicio scraping SIMPLE (sin login)
[2026-02-15T18:34:35.535Z] Results URL: https://clupik.pro/es/admin/club/9582475/last-results?third-party-session-id=IUpfqkWb1URLcJkUFeQFxzfUrnHSV50imeH7ONMw
[2026-02-15T18:34:35.536Z] Headless: false
[2026-02-15T18:34:39.958Z] Navegado a resultados: https://clupik.pro/es/admin/club/9582475/last-results?third-party-session-id=IUpfqkWb1URLcJkUFeQFxzfUrnHSV50imeH7ONMw
[2026-02-15T18:34:41.097Z] Botones/enlaces de acta encontrados: 13
[2026-02-15T18:34:41.123Z] Links de acta recopilados: 13
[2026-02-15T18:34:41.123Z] Descargando https://storage.googleapis.com/match-scorecard-pdf/fabasket/28e837770918847531644d6e4f37d1cbfdc06dc6.pdf
[2026-02-15T18:34:41.399Z] Guardado PDF data\actas\28e837770918847531644d6e4f37d1cbfdc06dc6.pdf
[2026-02-15T18:34:41.399Z] Descargando https://storage.googleapis.com/match-scorecard-pdf/fabasket/3bdfd8296dc069770f795ecb0e350cfed9bafed6.pdf
[2026-02-15T18:34:41.617Z] Guardado PDF data\actas\3bdfd8296dc069770f795ecb0e350cfed9bafed6.pdf
[2026-02-15T18:34:41.617Z] Descargando https://storage.googleapis.com/match-scorecard-pdf/fabasket/7b584229728f0b924da3ff6d2d6e4b56772a7787.pdf
[2026-02-15T18:34:41.826Z] Guardado PDF data\actas\7b584229728f0b924da3ff6d2d6e4b56772a7787.pdf
[2026-02-15T18:34:41.827Z] Descargando https://storage.googleapis.com/match-scorecard-pdf/fabasket/0c7313f110b53c405e7f31744d26b046de2bc230.pdf
[2026-02-15T18:34:42.041Z] Guardado PDF data\actas\0c7313f110b53c405e7f31744d26b046de2bc230.pdf
[2026-02-15T18:34:42.041Z] Descargando https://storage.googleapis.com/match-scorecard-pdf/fabasket/7d303aacf74a6629a64a11fe85b5fc95a3942fea.pdf
[2026-02-15T18:34:42.244Z] Guardado PDF data\actas\7d303aacf74a6629a64a11fe85b5fc95a3942fea.pdf
[2026-02-15T18:34:42.245Z] Descargando https://storage.googleapis.com/match-scorecard-pdf/fabasket/7d4d00e2c79ed0aa80088791131288ef1b1b6314.pdf
[2026-02-15T18:34:42.456Z] Guardado PDF data\actas\7d4d00e2c79ed0aa80088791131288ef1b1b6314.pdf
[2026-02-15T18:34:42.457Z] Descargando https://storage.googleapis.com/match-scorecard-pdf/fabasket/a5643e0ad01cfd39fe1c76724f99a01a0e1e6698.pdf
[2026-02-15T18:34:42.664Z] Guardado PDF data\actas\a5643e0ad01cfd39fe1c76724f99a01a0e1e6698.pdf
[2026-02-15T18:34:42.665Z] Descargando https://storage.googleapis.com/match-scorecard-pdf/fabasket/3cc739ea27d53a5431549c6af8b4c3b03c7ecf3c.pdf
[2026-02-15T18:34:42.878Z] Guardado PDF data\actas\3cc739ea27d53a5431549c6af8b4c3b03c7ecf3c.pdf
[2026-02-15T18:34:42.879Z] Descargando https://storage.googleapis.com/match-scorecard-pdf/fabasket/4a5b2a63d487c50d683d6851536e6c1f6341151c.pdf
[2026-02-15T18:34:43.110Z] Guardado PDF data\actas\4a5b2a63d487c50d683d6851536e6c1f6341151c.pdf
[2026-02-15T18:34:43.111Z] Descargando https://storage.googleapis.com/match-scorecard-pdf/fabasket/350b85199bef9db0e4c94c01bd372fb20372d14c.pdf
[2026-02-15T18:34:43.321Z] Guardado PDF data\actas\350b85199bef9db0e4c94c01bd372fb20372d14c.pdf
[2026-02-15T18:34:43.322Z] Descargando https://storage.googleapis.com/match-scorecard-pdf/fabasket/ce749a52d632b985995a10c5365cdc81e73fd7ff.pdf
[2026-02-15T18:34:43.526Z] Guardado PDF data\actas\ce749a52d632b985995a10c5365cdc81e73fd7ff.pdf
[2026-02-15T18:34:43.526Z] Descargando https://storage.googleapis.com/match-scorecard-pdf/fabasket/6092c1da1c818d380e2de2b62409f60406ae6fe9.pdf
[2026-02-15T18:34:43.794Z] Guardado PDF data\actas\6092c1da1c818d380e2de2b62409f60406ae6fe9.pdf
[2026-02-15T18:34:43.794Z] Descargando https://clupik.pro/es/admin/tournament/1321516/match/143354422/print?third-party-session-id=IUpfqkWb1URLcJkUFeQFxzfUrnHSV50imeH7ONMw
[2026-02-15T18:34:44.473Z] Guardado (no PDF, NO se convertirá) data\actas\print [text/html; charset=UTF-8]
[2026-02-15T18:34:44.473Z] Cerrando navegador y contexto
[2026-02-15T19:23:28.753Z] Inicio scraping SIMPLE (sin login)
[2026-02-15T19:23:28.754Z] Results URL: https://clupik.pro/es/admin/club/9582475/last-results?third-party-session-id=IUpfqkWb1URLcJkUFeQFxzfUrnHSV50imeH7ONMw
[2026-02-15T19:23:28.755Z] Headless: false
[2026-02-15T19:23:33.128Z] Navegado a resultados: https://clupik.pro/es/admin/club/9582475/last-results?third-party-session-id=IUpfqkWb1URLcJkUFeQFxzfUrnHSV50imeH7ONMw
[2026-02-15T19:23:34.238Z] Botones/enlaces de acta encontrados: 13
[2026-02-15T19:23:34.260Z] Links de acta recopilados: 13
[2026-02-15T19:23:34.261Z] Descargando https://storage.googleapis.com/match-scorecard-pdf/fabasket/28e837770918847531644d6e4f37d1cbfdc06dc6.pdf
[2026-02-15T19:23:34.717Z] Guardado PDF data\actas\28e837770918847531644d6e4f37d1cbfdc06dc6.pdf
[2026-02-15T19:23:34.718Z] Descargando https://storage.googleapis.com/match-scorecard-pdf/fabasket/3bdfd8296dc069770f795ecb0e350cfed9bafed6.pdf
[2026-02-15T19:23:34.962Z] Guardado PDF data\actas\3bdfd8296dc069770f795ecb0e350cfed9bafed6.pdf
[2026-02-15T19:23:34.962Z] Descargando https://storage.googleapis.com/match-scorecard-pdf/fabasket/7b584229728f0b924da3ff6d2d6e4b56772a7787.pdf
[2026-02-15T19:23:35.184Z] Guardado PDF data\actas\7b584229728f0b924da3ff6d2d6e4b56772a7787.pdf
[2026-02-15T19:23:35.185Z] Descargando https://storage.googleapis.com/match-scorecard-pdf/fabasket/0c7313f110b53c405e7f31744d26b046de2bc230.pdf
[2026-02-15T19:23:35.396Z] Guardado PDF data\actas\0c7313f110b53c405e7f31744d26b046de2bc230.pdf
[2026-02-15T19:23:35.396Z] Descargando https://storage.googleapis.com/match-scorecard-pdf/fabasket/7d303aacf74a6629a64a11fe85b5fc95a3942fea.pdf
[2026-02-15T19:23:35.611Z] Guardado PDF data\actas\7d303aacf74a6629a64a11fe85b5fc95a3942fea.pdf
[2026-02-15T19:23:35.612Z] Descargando https://storage.googleapis.com/match-scorecard-pdf/fabasket/7d4d00e2c79ed0aa80088791131288ef1b1b6314.pdf
[2026-02-15T19:23:35.861Z] Guardado PDF data\actas\7d4d00e2c79ed0aa80088791131288ef1b1b6314.pdf
[2026-02-15T19:23:35.861Z] Descargando https://storage.googleapis.com/match-scorecard-pdf/fabasket/a5643e0ad01cfd39fe1c76724f99a01a0e1e6698.pdf
[2026-02-15T19:23:36.137Z] Guardado PDF data\actas\a5643e0ad01cfd39fe1c76724f99a01a0e1e6698.pdf
[2026-02-15T19:23:36.138Z] Descargando https://storage.googleapis.com/match-scorecard-pdf/fabasket/3cc739ea27d53a5431549c6af8b4c3b03c7ecf3c.pdf
[2026-02-15T19:23:36.359Z] Guardado PDF data\actas\3cc739ea27d53a5431549c6af8b4c3b03c7ecf3c.pdf
[2026-02-15T19:23:36.360Z] Descargando https://storage.googleapis.com/match-scorecard-pdf/fabasket/4a5b2a63d487c50d683d6851536e6c1f6341151c.pdf
[2026-02-15T19:23:36.581Z] Guardado PDF data\actas\4a5b2a63d487c50d683d6851536e6c1f6341151c.pdf
[2026-02-15T19:23:36.589Z] Descargando https://storage.googleapis.com/match-scorecard-pdf/fabasket/350b85199bef9db0e4c94c01bd372fb20372d14c.pdf
[2026-02-15T19:23:36.818Z] Guardado PDF data\actas\350b85199bef9db0e4c94c01bd372fb20372d14c.pdf
[2026-02-15T19:23:36.818Z] Descargando https://storage.googleapis.com/match-scorecard-pdf/fabasket/ce749a52d632b985995a10c5365cdc81e73fd7ff.pdf
[2026-02-15T19:23:37.053Z] Guardado PDF data\actas\ce749a52d632b985995a10c5365cdc81e73fd7ff.pdf
[2026-02-15T19:23:37.054Z] Descargando https://storage.googleapis.com/match-scorecard-pdf/fabasket/6092c1da1c818d380e2de2b62409f60406ae6fe9.pdf
[2026-02-15T19:23:37.301Z] Guardado PDF data\actas\6092c1da1c818d380e2de2b62409f60406ae6fe9.pdf
[2026-02-15T19:23:37.302Z] Descargando https://clupik.pro/es/admin/tournament/1321516/match/143354422/print?third-party-session-id=IUpfqkWb1URLcJkUFeQFxzfUrnHSV50imeH7ONMw
[2026-02-15T19:23:37.997Z] Guardado (no PDF, NO se convertirá) data\actas\print [text/html; charset=UTF-8]
[2026-02-15T19:23:37.997Z] Cerrando navegador y contexto
[2026-02-15T19:23:53.304Z] Inicio scraping SIMPLE (sin login)
[2026-02-15T19:23:53.305Z] Results URL: https://clupik.pro/es/admin/club/9582475/last-results?third-party-session-id=IUpfqkWb1URLcJkUFeQFxzfUrnHSV50imeH7ONMw
[2026-02-15T19:23:53.305Z] Headless: false
[2026-02-15T19:23:56.399Z] Navegado a resultados: https://clupik.pro/es/admin/club/9582475/last-results?third-party-session-id=IUpfqkWb1URLcJkUFeQFxzfUrnHSV50imeH7ONMw
[2026-02-15T19:23:57.507Z] Botones/enlaces de acta encontrados: 13
[2026-02-15T19:23:57.529Z] Links de acta recopilados: 13
[2026-02-15T19:23:57.529Z] Descargando https://storage.googleapis.com/match-scorecard-pdf/fabasket/28e837770918847531644d6e4f37d1cbfdc06dc6.pdf
[2026-02-15T19:23:58.049Z] Guardado PDF data\actas\28e837770918847531644d6e4f37d1cbfdc06dc6.pdf
[2026-02-15T19:23:58.050Z] Descargando https://storage.googleapis.com/match-scorecard-pdf/fabasket/3bdfd8296dc069770f795ecb0e350cfed9bafed6.pdf
[2026-02-15T19:23:58.330Z] Guardado PDF data\actas\3bdfd8296dc069770f795ecb0e350cfed9bafed6.pdf
[2026-02-15T19:23:58.331Z] Descargando https://storage.googleapis.com/match-scorecard-pdf/fabasket/7b584229728f0b924da3ff6d2d6e4b56772a7787.pdf
[2026-02-15T19:23:58.573Z] Guardado PDF data\actas\7b584229728f0b924da3ff6d2d6e4b56772a7787.pdf
[2026-02-15T19:23:58.573Z] Descargando https://storage.googleapis.com/match-scorecard-pdf/fabasket/0c7313f110b53c405e7f31744d26b046de2bc230.pdf
[2026-02-15T19:23:58.790Z] Guardado PDF data\actas\0c7313f110b53c405e7f31744d26b046de2bc230.pdf
[2026-02-15T19:23:58.790Z] Descargando https://storage.googleapis.com/match-scorecard-pdf/fabasket/7d303aacf74a6629a64a11fe85b5fc95a3942fea.pdf
[2026-02-15T19:23:58.976Z] Guardado PDF data\actas\7d303aacf74a6629a64a11fe85b5fc95a3942fea.pdf
[2026-02-15T19:23:58.976Z] Descargando https://storage.googleapis.com/match-scorecard-pdf/fabasket/7d4d00e2c79ed0aa80088791131288ef1b1b6314.pdf
[2026-02-15T19:23:59.187Z] Guardado PDF data\actas\7d4d00e2c79ed0aa80088791131288ef1b1b6314.pdf
[2026-02-15T19:23:59.188Z] Descargando https://storage.googleapis.com/match-scorecard-pdf/fabasket/a5643e0ad01cfd39fe1c76724f99a01a0e1e6698.pdf
[2026-02-15T19:23:59.399Z] Guardado PDF data\actas\a5643e0ad01cfd39fe1c76724f99a01a0e1e6698.pdf
[2026-02-15T19:23:59.399Z] Descargando https://storage.googleapis.com/match-scorecard-pdf/fabasket/3cc739ea27d53a5431549c6af8b4c3b03c7ecf3c.pdf
[2026-02-15T19:23:59.614Z] Guardado PDF data\actas\3cc739ea27d53a5431549c6af8b4c3b03c7ecf3c.pdf
[2026-02-15T19:23:59.615Z] Descargando https://storage.googleapis.com/match-scorecard-pdf/fabasket/4a5b2a63d487c50d683d6851536e6c1f6341151c.pdf
[2026-02-15T19:23:59.840Z] Guardado PDF data\actas\4a5b2a63d487c50d683d6851536e6c1f6341151c.pdf
[2026-02-15T19:23:59.840Z] Descargando https://storage.googleapis.com/match-scorecard-pdf/fabasket/350b85199bef9db0e4c94c01bd372fb20372d14c.pdf
[2026-02-15T19:24:00.073Z] Guardado PDF data\actas\350b85199bef9db0e4c94c01bd372fb20372d14c.pdf
[2026-02-15T19:24:00.073Z] Descargando https://storage.googleapis.com/match-scorecard-pdf/fabasket/ce749a52d632b985995a10c5365cdc81e73fd7ff.pdf
[2026-02-15T19:24:00.414Z] Guardado PDF data\actas\ce749a52d632b985995a10c5365cdc81e73fd7ff.pdf
[2026-02-15T19:24:00.415Z] Descargando https://storage.googleapis.com/match-scorecard-pdf/fabasket/6092c1da1c818d380e2de2b62409f60406ae6fe9.pdf
[2026-02-15T19:24:00.615Z] Guardado PDF data\actas\6092c1da1c818d380e2de2b62409f60406ae6fe9.pdf
[2026-02-15T19:24:00.616Z] Descargando https://clupik.pro/es/admin/tournament/1321516/match/143354422/print?third-party-session-id=IUpfqkWb1URLcJkUFeQFxzfUrnHSV50imeH7ONMw
[2026-02-15T19:24:01.297Z] Guardado (no PDF, NO se convertirá) data\actas\print [text/html; charset=UTF-8]
[2026-02-15T19:24:01.297Z] Cerrando navegador y contexto
[2026-02-15T19:49:21.193Z] Inicio scraping SIMPLE (sin login)
[2026-02-15T19:49:21.194Z] Results URL: https://clupik.pro/es/admin/club/9582475/last-results?third-party-session-id=IUpfqkWb1URLcJkUFeQFxzfUrnHSV50imeH7ONMw
[2026-02-15T19:49:21.195Z] Headless: false
[2026-02-15T19:49:25.450Z] Navegado a resultados: https://clupik.pro/es/admin/club/9582475/last-results?third-party-session-id=IUpfqkWb1URLcJkUFeQFxzfUrnHSV50imeH7ONMw
[2026-02-15T19:49:26.557Z] Botones/enlaces de acta encontrados: 13
[2026-02-15T19:49:26.579Z] Links de acta recopilados: 13
[2026-02-15T19:49:26.580Z] Descargando https://storage.googleapis.com/match-scorecard-pdf/fabasket/28e837770918847531644d6e4f37d1cbfdc06dc6.pdf
[2026-02-15T19:49:26.888Z] Guardado PDF data\actas\28e837770918847531644d6e4f37d1cbfdc06dc6.pdf
[2026-02-15T19:49:26.889Z] Descargando https://storage.googleapis.com/match-scorecard-pdf/fabasket/3bdfd8296dc069770f795ecb0e350cfed9bafed6.pdf
[2026-02-15T19:49:27.125Z] Guardado PDF data\actas\3bdfd8296dc069770f795ecb0e350cfed9bafed6.pdf
[2026-02-15T19:49:27.125Z] Descargando https://storage.googleapis.com/match-scorecard-pdf/fabasket/7b584229728f0b924da3ff6d2d6e4b56772a7787.pdf
[2026-02-15T19:49:27.340Z] Guardado PDF data\actas\7b584229728f0b924da3ff6d2d6e4b56772a7787.pdf
[2026-02-15T19:49:27.340Z] Descargando https://storage.googleapis.com/match-scorecard-pdf/fabasket/0c7313f110b53c405e7f31744d26b046de2bc230.pdf
[2026-02-15T19:49:27.585Z] Guardado PDF data\actas\0c7313f110b53c405e7f31744d26b046de2bc230.pdf
[2026-02-15T19:49:27.586Z] Descargando https://storage.googleapis.com/match-scorecard-pdf/fabasket/7d303aacf74a6629a64a11fe85b5fc95a3942fea.pdf
[2026-02-15T19:49:27.800Z] Guardado PDF data\actas\7d303aacf74a6629a64a11fe85b5fc95a3942fea.pdf
[2026-02-15T19:49:27.800Z] Descargando https://storage.googleapis.com/match-scorecard-pdf/fabasket/7d4d00e2c79ed0aa80088791131288ef1b1b6314.pdf
[2026-02-15T19:49:28.025Z] Guardado PDF data\actas\7d4d00e2c79ed0aa80088791131288ef1b1b6314.pdf
[2026-02-15T19:49:28.025Z] Descargando https://storage.googleapis.com/match-scorecard-pdf/fabasket/a5643e0ad01cfd39fe1c76724f99a01a0e1e6698.pdf
[2026-02-15T19:49:28.273Z] Guardado PDF data\actas\a5643e0ad01cfd39fe1c76724f99a01a0e1e6698.pdf
[2026-02-15T19:49:28.273Z] Descargando https://storage.googleapis.com/match-scorecard-pdf/fabasket/3cc739ea27d53a5431549c6af8b4c3b03c7ecf3c.pdf
[2026-02-15T19:49:28.499Z] Guardado PDF data\actas\3cc739ea27d53a5431549c6af8b4c3b03c7ecf3c.pdf
[2026-02-15T19:49:28.499Z] Descargando https://storage.googleapis.com/match-scorecard-pdf/fabasket/4a5b2a63d487c50d683d6851536e6c1f6341151c.pdf
[2026-02-15T19:49:28.707Z] Guardado PDF data\actas\4a5b2a63d487c50d683d6851536e6c1f6341151c.pdf
[2026-02-15T19:49:28.708Z] Descargando https://storage.googleapis.com/match-scorecard-pdf/fabasket/350b85199bef9db0e4c94c01bd372fb20372d14c.pdf
[2026-02-15T19:49:28.920Z] Guardado PDF data\actas\350b85199bef9db0e4c94c01bd372fb20372d14c.pdf
[2026-02-15T19:49:28.920Z] Descargando https://storage.googleapis.com/match-scorecard-pdf/fabasket/ce749a52d632b985995a10c5365cdc81e73fd7ff.pdf
[2026-02-15T19:49:29.124Z] Guardado PDF data\actas\ce749a52d632b985995a10c5365cdc81e73fd7ff.pdf
[2026-02-15T19:49:29.125Z] Descargando https://storage.googleapis.com/match-scorecard-pdf/fabasket/6092c1da1c818d380e2de2b62409f60406ae6fe9.pdf
[2026-02-15T19:49:29.329Z] Guardado PDF data\actas\6092c1da1c818d380e2de2b62409f60406ae6fe9.pdf
[2026-02-15T19:49:29.330Z] Descargando https://clupik.pro/es/admin/tournament/1321516/match/143354422/print?third-party-session-id=IUpfqkWb1URLcJkUFeQFxzfUrnHSV50imeH7ONMw
[2026-02-15T19:49:30.059Z] Guardado (no PDF, NO se convertirá) data\actas\print [text/html; charset=UTF-8]
[2026-02-15T19:49:30.059Z] Cerrando navegador y contexto
